// Jest Snapshot v1, https://goo.gl/fbAQLP

exports[`Loader should match snapshot 1`] = `
<DocumentFragment>
  <div>
    <div
      class="loading"
    >
      <img
        alt="loader"
        src="spinning-circles.svg"
      />
    </div>
  </div>
</DocumentFragment>
`;
